"ais://$BUCKET_1" created
"ais://$BUCKET_2" created
^PUT.*=> ais://$BUCKET_1/obj_1.txt$

^PUT.*=> ais://$BUCKET_1/obj_2.txt$

^PUT.*=> ais://$BUCKET_1/obj_3.txt$

^Creat.*$
^Creat.*$
^APPEND.*ais://$BUCKET_2/tmpl.tar as fourth.txt$

5
6
