"ais://$BUCKET_1" created
^PUT.*=> ais://$BUCKET_1/object_1.txt$

0123456789
