
^download.*finished$
Done: 1 file downloaded

^download.*finished$
Done: 3 files downloaded, skipped: 1

^download.*finished$
Done: 2 files downloaded
