Running
Running
Running
^*.ais://$BUCKET_1*.created$
^PUT.*=> ais://$BUCKET_1/object_1.txt$

COMMUNICATION TYPE:  hpush://
ARGUMENT TYPE:
Hello World!
^ETL\[etl.*\]stopped$
Stopped
^ETL\[etl.*\]started successfully$
Hello World!
^ETL\[etl.*\]stopped$
^ETL\[etl.*\] successfully deleted$
COMMUNICATION TYPE:  hpush://
ARGUMENT TYPE: fqn
Hello World!
$OBJECT_2.txt
^ETL\[etl.*\]stopped$
^ETL\[etl.*\] successfully deleted$
COMMUNICATION TYPE:  hpush://
ARGUMENT TYPE:
5328b3c272b5aab0
aecb71fa663c6460
^ETL\[etl.*\]stopped$
^ETL\[etl.*\] successfully deleted$
