^Renaming bucket ais://$BUCKET_1 => ais://$BUCKET_2 ...*$
Done.
^Renaming bucket ais://$BUCKET_2 => ais://$BUCKET_1. To monitor.*$
