^.*promoted.*"/tmp/prm/obj".*=>.*$

/tmp/prm/obj
^.*promoted.*"/tmp/prm/discard".*=>.*$

^.*promoted.*"/tmp/prm/".*=>.*$

^.*promoted.*"/tmp/prm".*=>.*$

^.*promoted.*"/tmp/prm".*=>.*$

^.*promoted.*"/tmp/prm/".*=>.*$

NAME             SIZE
fifth/obj        7B
fourth/obj       7B
one/one          7B
sixth/obj        7B
three/obj        7B
two/discard      7B
^promoted.*/tmp/prm.*=>.*ais://$BUCKET.*$

11.txt
12.txt
13.txt
14.txt
15.txt
NAME     SIZE
^recursively promoted.*/tmp/prm.*=>.*ais://$BUCKET.*$

subdir/11.txt
subdir/12.txt
subdir/13.txt
subdir/14.txt
subdir/15.txt
qq  13B
qq  13B
qq  1B
qq  1B
qq  13B
/tmp/prm/qq
qq  13B
