^PUT.*=> ais://$BUCKET/object.txt$

deleted "object.txt" from ais://$BUCKET
